1755413751.838538 client started (5609): version 3.5a, socket /tmp/tmux-1000/default, protocol 8
1755413751.838947 on Linux 6.10.14-linuxkit #1 SMP Sat May 17 08:28:57 UTC 2025
1755413751.839108 using libevent 2.1.12-stable poll
1755413751.839246 using ncurses 6.5 20250125
1755413751.839358 flags are 0x18010000
1755413751.840215 socket is /tmp/tmux-1000/default
1755413751.840316 trying connect
1755413751.840408 connect failed: No such file or directory
1755413751.840478 lock file is /tmp/tmux-1000/default.lock
1755413751.840614 flock succeeded
1755413751.840675 got lock (6)
1755413751.840734 trying connect
1755413751.840802 connect failed: No such file or directory
1755413751.841094 add peer 0xffffb3824000: 7 ((nil))
1755413751.841881 sending message 111 to peer 0xffffb3824000 (8 bytes)
1755413751.842029 sending message 111 to peer 0xffffb3824000 (8 bytes)
1755413751.842163 sending message 101 to peer 0xffffb3824000 (15 bytes)
1755413751.842494 sending message 109 to peer 0xffffb3824000 (4 bytes)
1755413751.842550 sending message 102 to peer 0xffffb3824000 (11 bytes)
1755413751.842705 sending message 108 to peer 0xffffb3824000 (11 bytes)
1755413751.842765 sending message 112 to peer 0xffffb3824000 (58 bytes)
1755413751.842811 sending message 112 to peer 0xffffb3824000 (5 bytes)
1755413751.842871 sending message 112 to peer 0xffffb3824000 (5 bytes)
1755413751.843056 sending message 112 to peer 0xffffb3824000 (6 bytes)
1755413751.843148 sending message 112 to peer 0xffffb3824000 (6 bytes)
1755413751.843213 sending message 112 to peer 0xffffb3824000 (11 bytes)
1755413751.843247 sending message 112 to peer 0xffffb3824000 (10 bytes)
1755413751.843284 sending message 112 to peer 0xffffb3824000 (13 bytes)
1755413751.843321 sending message 112 to peer 0xffffb3824000 (14 bytes)
1755413751.843357 sending message 112 to peer 0xffffb3824000 (19 bytes)
1755413751.843392 sending message 112 to peer 0xffffb3824000 (11 bytes)
1755413751.843427 sending message 112 to peer 0xffffb3824000 (10 bytes)
1755413751.843462 sending message 112 to peer 0xffffb3824000 (15 bytes)
1755413751.843496 sending message 112 to peer 0xffffb3824000 (21 bytes)
1755413751.843531 sending message 112 to peer 0xffffb3824000 (13 bytes)
1755413751.843567 sending message 112 to peer 0xffffb3824000 (7 bytes)
1755413751.843602 sending message 112 to peer 0xffffb3824000 (13 bytes)
1755413751.843635 sending message 112 to peer 0xffffb3824000 (7 bytes)
1755413751.843669 sending message 112 to peer 0xffffb3824000 (13 bytes)
1755413751.843704 sending message 112 to peer 0xffffb3824000 (9 bytes)
1755413751.843739 sending message 112 to peer 0xffffb3824000 (21 bytes)
1755413751.843775 sending message 112 to peer 0xffffb3824000 (13 bytes)
1755413751.843814 sending message 112 to peer 0xffffb3824000 (9 bytes)
1755413751.843874 sending message 112 to peer 0xffffb3824000 (16 bytes)
1755413751.843911 sending message 112 to peer 0xffffb3824000 (13 bytes)
1755413751.843950 sending message 112 to peer 0xffffb3824000 (9 bytes)
1755413751.843984 sending message 112 to peer 0xffffb3824000 (9 bytes)
1755413751.844019 sending message 112 to peer 0xffffb3824000 (12 bytes)
1755413751.844062 sending message 112 to peer 0xffffb3824000 (8 bytes)
1755413751.844130 sending message 112 to peer 0xffffb3824000 (8 bytes)
1755413751.844179 sending message 112 to peer 0xffffb3824000 (13 bytes)
1755413751.844222 sending message 112 to peer 0xffffb3824000 (7 bytes)
1755413751.844300 sending message 112 to peer 0xffffb3824000 (7 bytes)
1755413751.844336 sending message 112 to peer 0xffffb3824000 (9 bytes)
1755413751.844373 sending message 112 to peer 0xffffb3824000 (9 bytes)
1755413751.844412 sending message 112 to peer 0xffffb3824000 (15 bytes)
1755413751.844459 sending message 112 to peer 0xffffb3824000 (13 bytes)
1755413751.844494 sending message 112 to peer 0xffffb3824000 (12 bytes)
1755413751.844529 sending message 112 to peer 0xffffb3824000 (8 bytes)
1755413751.844564 sending message 112 to peer 0xffffb3824000 (14 bytes)
1755413751.844599 sending message 112 to peer 0xffffb3824000 (11 bytes)
1755413751.844636 sending message 112 to peer 0xffffb3824000 (9 bytes)
1755413751.844720 sending message 112 to peer 0xffffb3824000 (10 bytes)
1755413751.844753 sending message 112 to peer 0xffffb3824000 (10 bytes)
1755413751.844785 sending message 112 to peer 0xffffb3824000 (10 bytes)
1755413751.844821 sending message 112 to peer 0xffffb3824000 (10 bytes)
1755413751.844858 sending message 112 to peer 0xffffb3824000 (11 bytes)
1755413751.844894 sending message 112 to peer 0xffffb3824000 (12 bytes)
1755413751.844930 sending message 112 to peer 0xffffb3824000 (12 bytes)
1755413751.844962 sending message 112 to peer 0xffffb3824000 (12 bytes)
1755413751.845013 sending message 112 to peer 0xffffb3824000 (12 bytes)
1755413751.845053 sending message 112 to peer 0xffffb3824000 (12 bytes)
1755413751.845088 sending message 112 to peer 0xffffb3824000 (11 bytes)
1755413751.845121 sending message 112 to peer 0xffffb3824000 (11 bytes)
1755413751.845152 sending message 112 to peer 0xffffb3824000 (12 bytes)
1755413751.845185 sending message 112 to peer 0xffffb3824000 (12 bytes)
1755413751.845232 sending message 112 to peer 0xffffb3824000 (12 bytes)
1755413751.845271 sending message 112 to peer 0xffffb3824000 (12 bytes)
1755413751.845302 sending message 112 to peer 0xffffb3824000 (12 bytes)
1755413751.845338 sending message 112 to peer 0xffffb3824000 (9 bytes)
1755413751.845372 sending message 112 to peer 0xffffb3824000 (12 bytes)
1755413751.845406 sending message 112 to peer 0xffffb3824000 (13 bytes)
1755413751.845439 sending message 112 to peer 0xffffb3824000 (13 bytes)
1755413751.845473 sending message 112 to peer 0xffffb3824000 (13 bytes)
1755413751.845515 sending message 112 to peer 0xffffb3824000 (13 bytes)
1755413751.845550 sending message 112 to peer 0xffffb3824000 (13 bytes)
1755413751.845607 sending message 112 to peer 0xffffb3824000 (8 bytes)
1755413751.845660 sending message 112 to peer 0xffffb3824000 (11 bytes)
1755413751.845715 sending message 112 to peer 0xffffb3824000 (11 bytes)
1755413751.845769 sending message 112 to peer 0xffffb3824000 (11 bytes)
1755413751.845823 sending message 112 to peer 0xffffb3824000 (12 bytes)
1755413751.845868 sending message 112 to peer 0xffffb3824000 (12 bytes)
1755413751.845912 sending message 112 to peer 0xffffb3824000 (12 bytes)
1755413751.845976 sending message 112 to peer 0xffffb3824000 (12 bytes)
1755413751.846030 sending message 112 to peer 0xffffb3824000 (13 bytes)
1755413751.846084 sending message 112 to peer 0xffffb3824000 (13 bytes)
1755413751.846138 sending message 112 to peer 0xffffb3824000 (13 bytes)
1755413751.846192 sending message 112 to peer 0xffffb3824000 (8 bytes)
1755413751.846248 sending message 112 to peer 0xffffb3824000 (13 bytes)
1755413751.846305 sending message 112 to peer 0xffffb3824000 (13 bytes)
1755413751.846373 sending message 112 to peer 0xffffb3824000 (13 bytes)
1755413751.846406 sending message 112 to peer 0xffffb3824000 (13 bytes)
1755413751.846464 sending message 112 to peer 0xffffb3824000 (13 bytes)
1755413751.846523 sending message 112 to peer 0xffffb3824000 (12 bytes)
1755413751.846563 sending message 112 to peer 0xffffb3824000 (12 bytes)
1755413751.846620 sending message 112 to peer 0xffffb3824000 (12 bytes)
1755413751.846676 sending message 112 to peer 0xffffb3824000 (12 bytes)
1755413751.846730 sending message 112 to peer 0xffffb3824000 (13 bytes)
1755413751.846785 sending message 112 to peer 0xffffb3824000 (8 bytes)
1755413751.846868 sending message 112 to peer 0xffffb3824000 (13 bytes)
1755413751.846901 sending message 112 to peer 0xffffb3824000 (13 bytes)
1755413751.846957 sending message 112 to peer 0xffffb3824000 (13 bytes)
1755413751.847144 sending message 112 to peer 0xffffb3824000 (13 bytes)
1755413751.847389 sending message 112 to peer 0xffffb3824000 (13 bytes)
1755413751.847451 sending message 112 to peer 0xffffb3824000 (13 bytes)
1755413751.847661 sending message 112 to peer 0xffffb3824000 (13 bytes)
1755413751.847764 sending message 112 to peer 0xffffb3824000 (12 bytes)
1755413751.847902 sending message 112 to peer 0xffffb3824000 (12 bytes)
1755413751.848042 sending message 112 to peer 0xffffb3824000 (12 bytes)
1755413751.848171 sending message 112 to peer 0xffffb3824000 (8 bytes)
1755413751.848239 sending message 112 to peer 0xffffb3824000 (12 bytes)
1755413751.848301 sending message 112 to peer 0xffffb3824000 (13 bytes)
1755413751.848355 sending message 112 to peer 0xffffb3824000 (13 bytes)
1755413751.848399 sending message 112 to peer 0xffffb3824000 (13 bytes)
1755413751.848450 sending message 112 to peer 0xffffb3824000 (13 bytes)
1755413751.848497 sending message 112 to peer 0xffffb3824000 (13 bytes)
1755413751.848543 sending message 112 to peer 0xffffb3824000 (13 bytes)
1755413751.848590 sending message 112 to peer 0xffffb3824000 (13 bytes)
1755413751.848636 sending message 112 to peer 0xffffb3824000 (13 bytes)
1755413751.848683 sending message 112 to peer 0xffffb3824000 (12 bytes)
1755413751.848729 sending message 112 to peer 0xffffb3824000 (10 bytes)
1755413751.848775 sending message 112 to peer 0xffffb3824000 (12 bytes)
1755413751.848821 sending message 112 to peer 0xffffb3824000 (12 bytes)
1755413751.848868 sending message 112 to peer 0xffffb3824000 (12 bytes)
1755413751.848917 sending message 112 to peer 0xffffb3824000 (13 bytes)
1755413751.848964 sending message 112 to peer 0xffffb3824000 (13 bytes)
1755413751.848998 sending message 112 to peer 0xffffb3824000 (13 bytes)
1755413751.849074 sending message 112 to peer 0xffffb3824000 (13 bytes)
1755413751.849141 sending message 112 to peer 0xffffb3824000 (13 bytes)
1755413751.849201 sending message 112 to peer 0xffffb3824000 (13 bytes)
1755413751.849257 sending message 112 to peer 0xffffb3824000 (13 bytes)
1755413751.849298 sending message 112 to peer 0xffffb3824000 (10 bytes)
1755413751.849350 sending message 112 to peer 0xffffb3824000 (13 bytes)
1755413751.849457 sending message 112 to peer 0xffffb3824000 (12 bytes)
1755413751.849537 sending message 112 to peer 0xffffb3824000 (12 bytes)
1755413751.849642 sending message 112 to peer 0xffffb3824000 (12 bytes)
1755413751.849697 sending message 112 to peer 0xffffb3824000 (10 bytes)
1755413751.849751 sending message 112 to peer 0xffffb3824000 (10 bytes)
1755413751.849802 sending message 112 to peer 0xffffb3824000 (10 bytes)
1755413751.849849 sending message 112 to peer 0xffffb3824000 (12 bytes)
1755413751.849927 sending message 112 to peer 0xffffb3824000 (13 bytes)
1755413751.849982 sending message 112 to peer 0xffffb3824000 (13 bytes)
1755413751.850070 sending message 112 to peer 0xffffb3824000 (13 bytes)
1755413751.850109 sending message 112 to peer 0xffffb3824000 (13 bytes)
1755413751.850158 sending message 112 to peer 0xffffb3824000 (13 bytes)
1755413751.850209 sending message 112 to peer 0xffffb3824000 (10 bytes)
1755413751.850256 sending message 112 to peer 0xffffb3824000 (11 bytes)
1755413751.850307 sending message 112 to peer 0xffffb3824000 (12 bytes)
1755413751.850355 sending message 112 to peer 0xffffb3824000 (12 bytes)
1755413751.850403 sending message 112 to peer 0xffffb3824000 (12 bytes)
1755413751.850452 sending message 112 to peer 0xffffb3824000 (12 bytes)
1755413751.850499 sending message 112 to peer 0xffffb3824000 (12 bytes)
1755413751.850549 sending message 112 to peer 0xffffb3824000 (11 bytes)
1755413751.850599 sending message 112 to peer 0xffffb3824000 (12 bytes)
1755413751.850647 sending message 112 to peer 0xffffb3824000 (12 bytes)
1755413751.850696 sending message 112 to peer 0xffffb3824000 (13 bytes)
1755413751.850745 sending message 112 to peer 0xffffb3824000 (13 bytes)
1755413751.850800 sending message 112 to peer 0xffffb3824000 (13 bytes)
1755413751.850850 sending message 112 to peer 0xffffb3824000 (13 bytes)
1755413751.850906 sending message 112 to peer 0xffffb3824000 (13 bytes)
1755413751.850955 sending message 112 to peer 0xffffb3824000 (10 bytes)
1755413751.850994 sending message 112 to peer 0xffffb3824000 (9 bytes)
1755413751.851045 sending message 112 to peer 0xffffb3824000 (12 bytes)
1755413751.851095 sending message 112 to peer 0xffffb3824000 (13 bytes)
1755413751.851144 sending message 112 to peer 0xffffb3824000 (13 bytes)
1755413751.851248 sending message 112 to peer 0xffffb3824000 (13 bytes)
1755413751.851296 sending message 112 to peer 0xffffb3824000 (13 bytes)
1755413751.851338 sending message 112 to peer 0xffffb3824000 (13 bytes)
1755413751.851412 sending message 112 to peer 0xffffb3824000 (9 bytes)
1755413751.851463 sending message 112 to peer 0xffffb3824000 (12 bytes)
1755413751.851552 sending message 112 to peer 0xffffb3824000 (13 bytes)
1755413751.851603 sending message 112 to peer 0xffffb3824000 (13 bytes)
1755413751.851631 sending message 112 to peer 0xffffb3824000 (13 bytes)
1755413751.851678 sending message 112 to peer 0xffffb3824000 (13 bytes)
1755413751.851726 sending message 112 to peer 0xffffb3824000 (13 bytes)
1755413751.851775 sending message 112 to peer 0xffffb3824000 (11 bytes)
1755413751.851823 sending message 112 to peer 0xffffb3824000 (12 bytes)
1755413751.851898 sending message 112 to peer 0xffffb3824000 (13 bytes)
1755413751.852033 sending message 112 to peer 0xffffb3824000 (13 bytes)
1755413751.852098 sending message 112 to peer 0xffffb3824000 (13 bytes)
1755413751.852304 sending message 112 to peer 0xffffb3824000 (13 bytes)
1755413751.852355 sending message 112 to peer 0xffffb3824000 (13 bytes)
1755413751.852408 sending message 112 to peer 0xffffb3824000 (11 bytes)
1755413751.852462 sending message 112 to peer 0xffffb3824000 (12 bytes)
1755413751.852511 sending message 112 to peer 0xffffb3824000 (12 bytes)
1755413751.852562 sending message 112 to peer 0xffffb3824000 (12 bytes)
1755413751.852610 sending message 112 to peer 0xffffb3824000 (12 bytes)
1755413751.852655 sending message 112 to peer 0xffffb3824000 (12 bytes)
1755413751.852704 sending message 112 to peer 0xffffb3824000 (21 bytes)
1755413751.852752 sending message 112 to peer 0xffffb3824000 (12 bytes)
1755413751.852799 sending message 112 to peer 0xffffb3824000 (9 bytes)
1755413751.852837 sending message 112 to peer 0xffffb3824000 (6 bytes)
1755413751.852881 sending message 112 to peer 0xffffb3824000 (13 bytes)
1755413751.852931 sending message 112 to peer 0xffffb3824000 (10 bytes)
1755413751.852968 sending message 112 to peer 0xffffb3824000 (24 bytes)
1755413751.852998 sending message 112 to peer 0xffffb3824000 (13 bytes)
1755413751.853046 sending message 112 to peer 0xffffb3824000 (9 bytes)
1755413751.853097 sending message 112 to peer 0xffffb3824000 (70 bytes)
1755413751.853125 sending message 112 to peer 0xffffb3824000 (69 bytes)
1755413751.853174 sending message 112 to peer 0xffffb3824000 (12 bytes)
1755413751.853220 sending message 112 to peer 0xffffb3824000 (10 bytes)
1755413751.853280 sending message 112 to peer 0xffffb3824000 (10 bytes)
1755413751.853315 sending message 112 to peer 0xffffb3824000 (24 bytes)
1755413751.853361 sending message 112 to peer 0xffffb3824000 (13 bytes)
1755413751.853409 sending message 112 to peer 0xffffb3824000 (10 bytes)
1755413751.853456 sending message 112 to peer 0xffffb3824000 (10 bytes)
1755413751.853505 sending message 112 to peer 0xffffb3824000 (10 bytes)
1755413751.853551 sending message 112 to peer 0xffffb3824000 (13 bytes)
1755413751.853597 sending message 112 to peer 0xffffb3824000 (15 bytes)
1755413751.853643 sending message 112 to peer 0xffffb3824000 (5 bytes)
1755413751.853691 sending message 104 to peer 0xffffb3824000 (0 bytes)
1755413751.853739 sending message 110 to peer 0xffffb3824000 (0 bytes)
1755413751.853787 sending message 107 to peer 0xffffb3824000 (4 bytes)
1755413751.853834 sending message 105 to peer 0xffffb3824000 (22 bytes)
1755413751.853876 sending message 105 to peer 0xffffb3824000 (15 bytes)
1755413751.853924 sending message 105 to peer 0xffffb3824000 (19 bytes)
1755413751.853971 sending message 105 to peer 0xffffb3824000 (49 bytes)
1755413751.854018 sending message 105 to peer 0xffffb3824000 (14 bytes)
1755413751.854050 sending message 105 to peer 0xffffb3824000 (79 bytes)
1755413751.854086 sending message 105 to peer 0xffffb3824000 (26 bytes)
1755413751.854140 sending message 105 to peer 0xffffb3824000 (32 bytes)
1755413751.854186 sending message 105 to peer 0xffffb3824000 (28 bytes)
1755413751.854297 sending message 105 to peer 0xffffb3824000 (306 bytes)
1755413751.854346 sending message 105 to peer 0xffffb3824000 (17 bytes)
1755413751.854393 sending message 105 to peer 0xffffb3824000 (20 bytes)
1755413751.854440 sending message 105 to peer 0xffffb3824000 (13 bytes)
1755413751.854561 sending message 105 to peer 0xffffb3824000 (15 bytes)
1755413751.854594 sending message 105 to peer 0xffffb3824000 (23 bytes)
1755413751.854645 sending message 105 to peer 0xffffb3824000 (19 bytes)
1755413751.854694 sending message 105 to peer 0xffffb3824000 (15 bytes)
1755413751.854742 sending message 105 to peer 0xffffb3824000 (21 bytes)
1755413751.854792 sending message 105 to peer 0xffffb3824000 (14 bytes)
1755413751.854840 sending message 105 to peer 0xffffb3824000 (14 bytes)
1755413751.854925 sending message 105 to peer 0xffffb3824000 (98 bytes)
1755413751.854976 sending message 105 to peer 0xffffb3824000 (93 bytes)
1755413751.855024 sending message 105 to peer 0xffffb3824000 (12 bytes)
1755413751.855065 sending message 105 to peer 0xffffb3824000 (8 bytes)
1755413751.855110 sending message 105 to peer 0xffffb3824000 (86 bytes)
1755413751.855162 sending message 105 to peer 0xffffb3824000 (9 bytes)
1755413751.855239 sending message 105 to peer 0xffffb3824000 (25 bytes)
1755413751.855296 sending message 105 to peer 0xffffb3824000 (11 bytes)
1755413751.855341 sending message 105 to peer 0xffffb3824000 (17 bytes)
1755413751.855406 sending message 105 to peer 0xffffb3824000 (32 bytes)
1755413751.855448 sending message 105 to peer 0xffffb3824000 (11 bytes)
1755413751.855476 sending message 105 to peer 0xffffb3824000 (16 bytes)
1755413751.855528 sending message 105 to peer 0xffffb3824000 (77 bytes)
1755413751.855575 sending message 105 to peer 0xffffb3824000 (23 bytes)
1755413751.855631 sending message 105 to peer 0xffffb3824000 (110 bytes)
1755413751.855661 sending message 105 to peer 0xffffb3824000 (20 bytes)
1755413751.855710 sending message 105 to peer 0xffffb3824000 (29 bytes)
1755413751.855759 sending message 105 to peer 0xffffb3824000 (20 bytes)
1755413751.855854 sending message 105 to peer 0xffffb3824000 (122 bytes)
1755413751.855958 sending message 105 to peer 0xffffb3824000 (108 bytes)
1755413751.855994 sending message 105 to peer 0xffffb3824000 (31 bytes)
1755413751.856042 sending message 105 to peer 0xffffb3824000 (139 bytes)
1755413751.856080 sending message 105 to peer 0xffffb3824000 (54 bytes)
1755413751.856127 sending message 105 to peer 0xffffb3824000 (78 bytes)
1755413751.856165 sending message 105 to peer 0xffffb3824000 (19 bytes)
1755413751.856241 sending message 105 to peer 0xffffb3824000 (18 bytes)
1755413751.856311 sending message 105 to peer 0xffffb3824000 (23 bytes)
1755413751.856365 sending message 105 to peer 0xffffb3824000 (20 bytes)
1755413751.856439 sending message 105 to peer 0xffffb3824000 (23 bytes)
1755413751.856471 sending message 105 to peer 0xffffb3824000 (19 bytes)
1755413751.856545 sending message 105 to peer 0xffffb3824000 (11 bytes)
1755413751.856592 sending message 105 to peer 0xffffb3824000 (11 bytes)
1755413751.856627 sending message 105 to peer 0xffffb3824000 (15 bytes)
1755413751.856673 sending message 105 to peer 0xffffb3824000 (30 bytes)
1755413751.856699 sending message 105 to peer 0xffffb3824000 (37 bytes)
1755413751.856743 sending message 105 to peer 0xffffb3824000 (16 bytes)
1755413751.856787 sending message 105 to peer 0xffffb3824000 (57 bytes)
1755413751.856813 sending message 105 to peer 0xffffb3824000 (56 bytes)
1755413751.856868 sending message 105 to peer 0xffffb3824000 (71 bytes)
1755413751.856911 sending message 105 to peer 0xffffb3824000 (19 bytes)
1755413751.856949 sending message 105 to peer 0xffffb3824000 (38 bytes)
1755413751.856993 sending message 106 to peer 0xffffb3824000 (0 bytes)
1755413751.857101 sending message 200 to peer 0xffffb3824000 (4 bytes)
1755413751.857148 client loop enter
1755413751.857219 client_signal: Child exited
1755413752.343071 peer 0xffffb3824000 message 207
1755413752.343100 sending message 208 to peer 0xffffb3824000 (0 bytes)
1755413798.734653 client_signal: Window changed
1755413798.735177 sending message 208 to peer 0xffffb3824000 (0 bytes)
1755413798.772523 client_signal: Window changed
1755413798.772950 sending message 208 to peer 0xffffb3824000 (0 bytes)
1755413798.837910 client_signal: Window changed
1755413798.838015 sending message 208 to peer 0xffffb3824000 (0 bytes)
1755413798.902366 client_signal: Window changed
1755413798.902727 sending message 208 to peer 0xffffb3824000 (0 bytes)
1755413798.947679 client_signal: Window changed
1755413798.954649 sending message 208 to peer 0xffffb3824000 (0 bytes)
1755413799.075364 client_signal: Window changed
1755413799.075543 sending message 208 to peer 0xffffb3824000 (0 bytes)
1755413799.201076 client_signal: Window changed
1755413799.201197 sending message 208 to peer 0xffffb3824000 (0 bytes)
1755414861.115777 client_signal: Window changed
1755414861.116874 sending message 208 to peer 0xffffb3824000 (0 bytes)
1755414861.142086 client_signal: Window changed
1755414861.142606 sending message 208 to peer 0xffffb3824000 (0 bytes)
1755414861.192561 client_signal: Window changed
1755414861.192769 sending message 208 to peer 0xffffb3824000 (0 bytes)
1755414861.241701 client_signal: Window changed
1755414861.241821 sending message 208 to peer 0xffffb3824000 (0 bytes)
1755414861.272807 client_signal: Window changed
1755414861.272961 sending message 208 to peer 0xffffb3824000 (0 bytes)
1755414861.303044 client_signal: Window changed
1755414861.303129 sending message 208 to peer 0xffffb3824000 (0 bytes)
1755414861.338846 client_signal: Window changed
1755414861.339017 sending message 208 to peer 0xffffb3824000 (0 bytes)
1755414861.373702 client_signal: Window changed
1755414861.374485 sending message 208 to peer 0xffffb3824000 (0 bytes)
1755414861.412322 client_signal: Window changed
1755414861.422059 sending message 208 to peer 0xffffb3824000 (0 bytes)
1755414861.451564 client_signal: Window changed
1755414861.452108 sending message 208 to peer 0xffffb3824000 (0 bytes)
1755414861.473302 client_signal: Window changed
1755414861.473714 sending message 208 to peer 0xffffb3824000 (0 bytes)
1755414861.565122 client_signal: Window changed
1755414861.565318 sending message 208 to peer 0xffffb3824000 (0 bytes)
1755414861.602694 client_signal: Window changed
1755414861.602752 sending message 208 to peer 0xffffb3824000 (0 bytes)
1755414861.970618 client_signal: Window changed
1755414861.971008 sending message 208 to peer 0xffffb3824000 (0 bytes)
1755414862.075898 client_signal: Window changed
1755414862.077688 sending message 208 to peer 0xffffb3824000 (0 bytes)
1755414862.103488 client_signal: Window changed
1755414862.103598 sending message 208 to peer 0xffffb3824000 (0 bytes)
1755414862.136620 client_signal: Window changed
1755414862.136709 sending message 208 to peer 0xffffb3824000 (0 bytes)
1755414862.172929 client_signal: Window changed
1755414862.173135 sending message 208 to peer 0xffffb3824000 (0 bytes)
1755414862.208277 client_signal: Window changed
1755414862.208493 sending message 208 to peer 0xffffb3824000 (0 bytes)
1755414862.235891 client_signal: Window changed
1755414862.235963 sending message 208 to peer 0xffffb3824000 (0 bytes)
1755414862.273559 client_signal: Window changed
1755414862.273804 sending message 208 to peer 0xffffb3824000 (0 bytes)
1755414863.287375 client_signal: Window changed
1755414863.287494 sending message 208 to peer 0xffffb3824000 (0 bytes)
1755414863.307401 client_signal: Window changed
1755414863.307600 sending message 208 to peer 0xffffb3824000 (0 bytes)
1755414863.356392 client_signal: Window changed
1755414863.367579 sending message 208 to peer 0xffffb3824000 (0 bytes)
1755414863.372963 client_signal: Window changed
1755414863.373621 sending message 208 to peer 0xffffb3824000 (0 bytes)
1755414863.404775 client_signal: Window changed
1755414863.404838 sending message 208 to peer 0xffffb3824000 (0 bytes)
1755414863.459547 client_signal: Window changed
1755414863.459823 sending message 208 to peer 0xffffb3824000 (0 bytes)
