1755413782.002000 client started (5949): version 3.5a, socket /tmp/tmux-1000/default, protocol 8
1755413782.002214 on Linux 6.10.14-linuxkit #1 SMP Sat May 17 08:28:57 UTC 2025
1755413782.002341 using libevent 2.1.12-stable poll
1755413782.002470 using ncurses 6.5 20250125
1755413782.002633 flags are 0x10010000
1755413782.002794 socket is /tmp/tmux-1000/default
1755413782.002925 trying connect
1755413782.003142 add peer 0xffff9b224000: 6 ((nil))
1755413782.003758 sending message 111 to peer 0xffff9b224000 (8 bytes)
1755413782.003877 sending message 111 to peer 0xffff9b224000 (8 bytes)
1755413782.003962 sending message 101 to peer 0xffff9b224000 (14 bytes)
1755413782.004042 sending message 109 to peer 0xffff9b224000 (4 bytes)
1755413782.004146 sending message 102 to peer 0xffff9b224000 (11 bytes)
1755413782.004246 sending message 108 to peer 0xffff9b224000 (11 bytes)
1755413782.004347 sending message 112 to peer 0xffff9b224000 (70 bytes)
1755413782.004447 sending message 112 to peer 0xffff9b224000 (5 bytes)
1755413782.004548 sending message 112 to peer 0xffff9b224000 (5 bytes)
1755413782.004645 sending message 112 to peer 0xffff9b224000 (6 bytes)
1755413782.004744 sending message 112 to peer 0xffff9b224000 (6 bytes)
1755413782.004856 sending message 112 to peer 0xffff9b224000 (11 bytes)
1755413782.004962 sending message 112 to peer 0xffff9b224000 (10 bytes)
1755413782.005064 sending message 112 to peer 0xffff9b224000 (13 bytes)
1755413782.005165 sending message 112 to peer 0xffff9b224000 (13 bytes)
1755413782.005266 sending message 112 to peer 0xffff9b224000 (18 bytes)
1755413782.005365 sending message 112 to peer 0xffff9b224000 (11 bytes)
1755413782.005464 sending message 112 to peer 0xffff9b224000 (10 bytes)
1755413782.005564 sending message 112 to peer 0xffff9b224000 (15 bytes)
1755413782.005687 sending message 112 to peer 0xffff9b224000 (21 bytes)
1755413782.005770 sending message 112 to peer 0xffff9b224000 (13 bytes)
1755413782.005879 sending message 112 to peer 0xffff9b224000 (7 bytes)
1755413782.005966 sending message 112 to peer 0xffff9b224000 (13 bytes)
1755413782.006043 sending message 112 to peer 0xffff9b224000 (7 bytes)
1755413782.006131 sending message 112 to peer 0xffff9b224000 (13 bytes)
1755413782.006209 sending message 112 to peer 0xffff9b224000 (9 bytes)
1755413782.006313 sending message 112 to peer 0xffff9b224000 (21 bytes)
1755413782.006435 sending message 112 to peer 0xffff9b224000 (13 bytes)
1755413782.006623 sending message 112 to peer 0xffff9b224000 (8 bytes)
1755413782.006722 sending message 112 to peer 0xffff9b224000 (12 bytes)
1755413782.006878 sending message 112 to peer 0xffff9b224000 (13 bytes)
1755413782.006985 sending message 112 to peer 0xffff9b224000 (9 bytes)
1755413782.007085 sending message 112 to peer 0xffff9b224000 (9 bytes)
1755413782.007189 sending message 112 to peer 0xffff9b224000 (12 bytes)
1755413782.007291 sending message 112 to peer 0xffff9b224000 (8 bytes)
1755413782.007393 sending message 112 to peer 0xffff9b224000 (8 bytes)
1755413782.007491 sending message 112 to peer 0xffff9b224000 (7 bytes)
1755413782.007592 sending message 112 to peer 0xffff9b224000 (7 bytes)
1755413782.007693 sending message 112 to peer 0xffff9b224000 (9 bytes)
1755413782.007789 sending message 112 to peer 0xffff9b224000 (13 bytes)
1755413782.007909 sending message 112 to peer 0xffff9b224000 (6 bytes)
1755413782.008010 sending message 112 to peer 0xffff9b224000 (9 bytes)
1755413782.008108 sending message 112 to peer 0xffff9b224000 (15 bytes)
1755413782.008208 sending message 112 to peer 0xffff9b224000 (13 bytes)
1755413782.008306 sending message 112 to peer 0xffff9b224000 (12 bytes)
1755413782.008405 sending message 112 to peer 0xffff9b224000 (8 bytes)
1755413782.008504 sending message 112 to peer 0xffff9b224000 (14 bytes)
1755413782.008601 sending message 112 to peer 0xffff9b224000 (11 bytes)
1755413782.008700 sending message 112 to peer 0xffff9b224000 (9 bytes)
1755413782.008810 sending message 112 to peer 0xffff9b224000 (10 bytes)
1755413782.008916 sending message 112 to peer 0xffff9b224000 (10 bytes)
1755413782.009134 sending message 112 to peer 0xffff9b224000 (10 bytes)
1755413782.009229 sending message 112 to peer 0xffff9b224000 (10 bytes)
1755413782.009312 sending message 112 to peer 0xffff9b224000 (11 bytes)
1755413782.009392 sending message 112 to peer 0xffff9b224000 (12 bytes)
1755413782.009471 sending message 112 to peer 0xffff9b224000 (12 bytes)
1755413782.009551 sending message 112 to peer 0xffff9b224000 (12 bytes)
1755413782.009631 sending message 112 to peer 0xffff9b224000 (12 bytes)
1755413782.009712 sending message 112 to peer 0xffff9b224000 (12 bytes)
1755413782.009792 sending message 112 to peer 0xffff9b224000 (11 bytes)
1755413782.009872 sending message 112 to peer 0xffff9b224000 (11 bytes)
1755413782.009951 sending message 112 to peer 0xffff9b224000 (12 bytes)
1755413782.010031 sending message 112 to peer 0xffff9b224000 (12 bytes)
1755413782.010112 sending message 112 to peer 0xffff9b224000 (12 bytes)
1755413782.010191 sending message 112 to peer 0xffff9b224000 (12 bytes)
1755413782.010270 sending message 112 to peer 0xffff9b224000 (12 bytes)
1755413782.010350 sending message 112 to peer 0xffff9b224000 (10 bytes)
1755413782.010429 sending message 112 to peer 0xffff9b224000 (12 bytes)
1755413782.010508 sending message 112 to peer 0xffff9b224000 (13 bytes)
1755413782.010589 sending message 112 to peer 0xffff9b224000 (13 bytes)
1755413782.010668 sending message 112 to peer 0xffff9b224000 (13 bytes)
1755413782.010747 sending message 112 to peer 0xffff9b224000 (13 bytes)
1755413782.010825 sending message 112 to peer 0xffff9b224000 (13 bytes)
1755413782.010904 sending message 112 to peer 0xffff9b224000 (8 bytes)
1755413782.010983 sending message 112 to peer 0xffff9b224000 (11 bytes)
1755413782.011061 sending message 112 to peer 0xffff9b224000 (11 bytes)
1755413782.011141 sending message 112 to peer 0xffff9b224000 (11 bytes)
1755413782.011220 sending message 112 to peer 0xffff9b224000 (12 bytes)
1755413782.011297 sending message 112 to peer 0xffff9b224000 (12 bytes)
1755413782.011375 sending message 112 to peer 0xffff9b224000 (12 bytes)
1755413782.011453 sending message 112 to peer 0xffff9b224000 (12 bytes)
1755413782.011550 sending message 112 to peer 0xffff9b224000 (13 bytes)
1755413782.011631 sending message 112 to peer 0xffff9b224000 (13 bytes)
1755413782.011708 sending message 112 to peer 0xffff9b224000 (13 bytes)
1755413782.011789 sending message 112 to peer 0xffff9b224000 (8 bytes)
1755413782.011869 sending message 112 to peer 0xffff9b224000 (13 bytes)
1755413782.011949 sending message 112 to peer 0xffff9b224000 (13 bytes)
1755413782.012028 sending message 112 to peer 0xffff9b224000 (13 bytes)
1755413782.012106 sending message 112 to peer 0xffff9b224000 (13 bytes)
1755413782.012183 sending message 112 to peer 0xffff9b224000 (13 bytes)
1755413782.012262 sending message 112 to peer 0xffff9b224000 (12 bytes)
1755413782.012340 sending message 112 to peer 0xffff9b224000 (12 bytes)
1755413782.012418 sending message 112 to peer 0xffff9b224000 (12 bytes)
1755413782.012496 sending message 112 to peer 0xffff9b224000 (12 bytes)
1755413782.012579 sending message 112 to peer 0xffff9b224000 (13 bytes)
1755413782.012673 sending message 112 to peer 0xffff9b224000 (8 bytes)
1755413782.012756 sending message 112 to peer 0xffff9b224000 (13 bytes)
1755413782.012838 sending message 112 to peer 0xffff9b224000 (13 bytes)
1755413782.012919 sending message 112 to peer 0xffff9b224000 (13 bytes)
1755413782.013004 sending message 112 to peer 0xffff9b224000 (13 bytes)
1755413782.013086 sending message 112 to peer 0xffff9b224000 (13 bytes)
1755413782.013167 sending message 112 to peer 0xffff9b224000 (13 bytes)
1755413782.013249 sending message 112 to peer 0xffff9b224000 (13 bytes)
1755413782.013328 sending message 112 to peer 0xffff9b224000 (12 bytes)
1755413782.013405 sending message 112 to peer 0xffff9b224000 (12 bytes)
1755413782.013486 sending message 112 to peer 0xffff9b224000 (12 bytes)
1755413782.013566 sending message 112 to peer 0xffff9b224000 (8 bytes)
1755413782.013644 sending message 112 to peer 0xffff9b224000 (12 bytes)
1755413782.013810 sending message 112 to peer 0xffff9b224000 (13 bytes)
1755413782.013888 sending message 112 to peer 0xffff9b224000 (13 bytes)
1755413782.013967 sending message 112 to peer 0xffff9b224000 (13 bytes)
1755413782.014047 sending message 112 to peer 0xffff9b224000 (13 bytes)
1755413782.014125 sending message 112 to peer 0xffff9b224000 (13 bytes)
1755413782.014205 sending message 112 to peer 0xffff9b224000 (13 bytes)
1755413782.014283 sending message 112 to peer 0xffff9b224000 (13 bytes)
1755413782.014364 sending message 112 to peer 0xffff9b224000 (13 bytes)
1755413782.014443 sending message 112 to peer 0xffff9b224000 (12 bytes)
1755413782.014548 sending message 112 to peer 0xffff9b224000 (10 bytes)
1755413782.014623 sending message 112 to peer 0xffff9b224000 (12 bytes)
1755413782.014703 sending message 112 to peer 0xffff9b224000 (12 bytes)
1755413782.014797 sending message 112 to peer 0xffff9b224000 (12 bytes)
1755413782.014886 sending message 112 to peer 0xffff9b224000 (13 bytes)
1755413782.014970 sending message 112 to peer 0xffff9b224000 (13 bytes)
1755413782.015053 sending message 112 to peer 0xffff9b224000 (13 bytes)
1755413782.015127 sending message 112 to peer 0xffff9b224000 (13 bytes)
1755413782.015196 sending message 112 to peer 0xffff9b224000 (13 bytes)
1755413782.015264 sending message 112 to peer 0xffff9b224000 (13 bytes)
1755413782.015335 sending message 112 to peer 0xffff9b224000 (13 bytes)
1755413782.015406 sending message 112 to peer 0xffff9b224000 (10 bytes)
1755413782.015474 sending message 112 to peer 0xffff9b224000 (13 bytes)
1755413782.015543 sending message 112 to peer 0xffff9b224000 (12 bytes)
1755413782.015607 sending message 112 to peer 0xffff9b224000 (12 bytes)
1755413782.015670 sending message 112 to peer 0xffff9b224000 (12 bytes)
1755413782.015743 sending message 112 to peer 0xffff9b224000 (10 bytes)
1755413782.015814 sending message 112 to peer 0xffff9b224000 (10 bytes)
1755413782.015885 sending message 112 to peer 0xffff9b224000 (10 bytes)
1755413782.015953 sending message 112 to peer 0xffff9b224000 (12 bytes)
1755413782.016021 sending message 112 to peer 0xffff9b224000 (13 bytes)
1755413782.016088 sending message 112 to peer 0xffff9b224000 (13 bytes)
1755413782.016156 sending message 112 to peer 0xffff9b224000 (13 bytes)
1755413782.016224 sending message 112 to peer 0xffff9b224000 (13 bytes)
1755413782.016291 sending message 112 to peer 0xffff9b224000 (13 bytes)
1755413782.016358 sending message 112 to peer 0xffff9b224000 (11 bytes)
1755413782.016427 sending message 112 to peer 0xffff9b224000 (11 bytes)
1755413782.016494 sending message 112 to peer 0xffff9b224000 (12 bytes)
1755413782.016561 sending message 112 to peer 0xffff9b224000 (12 bytes)
1755413782.016628 sending message 112 to peer 0xffff9b224000 (12 bytes)
1755413782.016695 sending message 112 to peer 0xffff9b224000 (12 bytes)
1755413782.016753 sending message 112 to peer 0xffff9b224000 (12 bytes)
1755413782.016835 sending message 112 to peer 0xffff9b224000 (11 bytes)
1755413782.016907 sending message 112 to peer 0xffff9b224000 (12 bytes)
1755413782.016990 sending message 112 to peer 0xffff9b224000 (12 bytes)
1755413782.017062 sending message 112 to peer 0xffff9b224000 (13 bytes)
1755413782.017150 sending message 112 to peer 0xffff9b224000 (13 bytes)
1755413782.017255 sending message 112 to peer 0xffff9b224000 (13 bytes)
1755413782.017324 sending message 112 to peer 0xffff9b224000 (13 bytes)
1755413782.017394 sending message 112 to peer 0xffff9b224000 (13 bytes)
1755413782.017466 sending message 112 to peer 0xffff9b224000 (10 bytes)
1755413782.017535 sending message 112 to peer 0xffff9b224000 (9 bytes)
1755413782.017603 sending message 112 to peer 0xffff9b224000 (12 bytes)
1755413782.017674 sending message 112 to peer 0xffff9b224000 (13 bytes)
1755413782.017737 sending message 112 to peer 0xffff9b224000 (13 bytes)
1755413782.017807 sending message 112 to peer 0xffff9b224000 (13 bytes)
1755413782.017878 sending message 112 to peer 0xffff9b224000 (13 bytes)
1755413782.017947 sending message 112 to peer 0xffff9b224000 (13 bytes)
1755413782.018093 sending message 112 to peer 0xffff9b224000 (9 bytes)
1755413782.018163 sending message 112 to peer 0xffff9b224000 (12 bytes)
1755413782.018232 sending message 112 to peer 0xffff9b224000 (13 bytes)
1755413782.018300 sending message 112 to peer 0xffff9b224000 (13 bytes)
1755413782.018367 sending message 112 to peer 0xffff9b224000 (13 bytes)
1755413782.018434 sending message 112 to peer 0xffff9b224000 (13 bytes)
1755413782.018501 sending message 112 to peer 0xffff9b224000 (13 bytes)
1755413782.018570 sending message 112 to peer 0xffff9b224000 (11 bytes)
1755413782.018640 sending message 112 to peer 0xffff9b224000 (12 bytes)
1755413782.018706 sending message 112 to peer 0xffff9b224000 (13 bytes)
1755413782.018773 sending message 112 to peer 0xffff9b224000 (13 bytes)
1755413782.018840 sending message 112 to peer 0xffff9b224000 (13 bytes)
1755413782.018910 sending message 112 to peer 0xffff9b224000 (13 bytes)
1755413782.018980 sending message 112 to peer 0xffff9b224000 (13 bytes)
1755413782.019050 sending message 112 to peer 0xffff9b224000 (11 bytes)
1755413782.019116 sending message 112 to peer 0xffff9b224000 (12 bytes)
1755413782.019185 sending message 112 to peer 0xffff9b224000 (12 bytes)
1755413782.019255 sending message 112 to peer 0xffff9b224000 (12 bytes)
1755413782.019322 sending message 112 to peer 0xffff9b224000 (12 bytes)
1755413782.019388 sending message 112 to peer 0xffff9b224000 (12 bytes)
1755413782.019457 sending message 112 to peer 0xffff9b224000 (21 bytes)
1755413782.019523 sending message 112 to peer 0xffff9b224000 (12 bytes)
1755413782.019599 sending message 112 to peer 0xffff9b224000 (9 bytes)
1755413782.019668 sending message 112 to peer 0xffff9b224000 (6 bytes)
1755413782.019735 sending message 112 to peer 0xffff9b224000 (13 bytes)
1755413782.019802 sending message 112 to peer 0xffff9b224000 (8 bytes)
1755413782.019872 sending message 112 to peer 0xffff9b224000 (15 bytes)
1755413782.019939 sending message 112 to peer 0xffff9b224000 (13 bytes)
1755413782.020009 sending message 112 to peer 0xffff9b224000 (9 bytes)
1755413782.020075 sending message 112 to peer 0xffff9b224000 (70 bytes)
1755413782.020143 sending message 112 to peer 0xffff9b224000 (69 bytes)
1755413782.020210 sending message 112 to peer 0xffff9b224000 (10 bytes)
1755413782.020276 sending message 112 to peer 0xffff9b224000 (10 bytes)
1755413782.020343 sending message 112 to peer 0xffff9b224000 (8 bytes)
1755413782.020412 sending message 112 to peer 0xffff9b224000 (15 bytes)
1755413782.020479 sending message 112 to peer 0xffff9b224000 (13 bytes)
1755413782.020567 sending message 112 to peer 0xffff9b224000 (10 bytes)
1755413782.020631 sending message 112 to peer 0xffff9b224000 (10 bytes)
1755413782.020699 sending message 112 to peer 0xffff9b224000 (17 bytes)
1755413782.020763 sending message 112 to peer 0xffff9b224000 (10 bytes)
1755413782.020829 sending message 112 to peer 0xffff9b224000 (13 bytes)
1755413782.020896 sending message 112 to peer 0xffff9b224000 (9 bytes)
1755413782.020961 sending message 112 to peer 0xffff9b224000 (5 bytes)
1755413782.021030 sending message 112 to peer 0xffff9b224000 (15 bytes)
1755413782.021099 sending message 104 to peer 0xffff9b224000 (0 bytes)
1755413782.021166 sending message 110 to peer 0xffff9b224000 (0 bytes)
1755413782.021233 sending message 107 to peer 0xffff9b224000 (4 bytes)
1755413782.021298 sending message 105 to peer 0xffff9b224000 (110 bytes)
1755413782.021367 sending message 105 to peer 0xffff9b224000 (20 bytes)
1755413782.021435 sending message 105 to peer 0xffff9b224000 (11 bytes)
1755413782.021505 sending message 105 to peer 0xffff9b224000 (56 bytes)
1755413782.021568 sending message 105 to peer 0xffff9b224000 (57 bytes)
1755413782.021641 sending message 105 to peer 0xffff9b224000 (71 bytes)
1755413782.021712 sending message 105 to peer 0xffff9b224000 (122 bytes)
1755413782.021781 sending message 105 to peer 0xffff9b224000 (23 bytes)
1755413782.021848 sending message 105 to peer 0xffff9b224000 (49 bytes)
1755413782.021917 sending message 105 to peer 0xffff9b224000 (15 bytes)
1755413782.022063 sending message 105 to peer 0xffff9b224000 (22 bytes)
1755413782.022132 sending message 105 to peer 0xffff9b224000 (13 bytes)
1755413782.022202 sending message 105 to peer 0xffff9b224000 (19 bytes)
1755413782.022271 sending message 105 to peer 0xffff9b224000 (17 bytes)
1755413782.022343 sending message 105 to peer 0xffff9b224000 (15 bytes)
1755413782.022416 sending message 105 to peer 0xffff9b224000 (12 bytes)
1755413782.022484 sending message 105 to peer 0xffff9b224000 (32 bytes)
1755413782.022552 sending message 105 to peer 0xffff9b224000 (11 bytes)
1755413782.022621 sending message 105 to peer 0xffff9b224000 (86 bytes)
1755413782.022690 sending message 105 to peer 0xffff9b224000 (11 bytes)
1755413782.022759 sending message 105 to peer 0xffff9b224000 (306 bytes)
1755413782.022829 sending message 105 to peer 0xffff9b224000 (32 bytes)
1755413782.022898 sending message 105 to peer 0xffff9b224000 (16 bytes)
1755413782.022969 sending message 105 to peer 0xffff9b224000 (21 bytes)
1755413782.023034 sending message 105 to peer 0xffff9b224000 (17 bytes)
1755413782.023095 sending message 105 to peer 0xffff9b224000 (28 bytes)
1755413782.023156 sending message 105 to peer 0xffff9b224000 (19 bytes)
1755413782.023216 sending message 105 to peer 0xffff9b224000 (20 bytes)
1755413782.023276 sending message 105 to peer 0xffff9b224000 (15 bytes)
1755413782.023335 sending message 105 to peer 0xffff9b224000 (26 bytes)
1755413782.023394 sending message 105 to peer 0xffff9b224000 (19 bytes)
1755413782.023454 sending message 105 to peer 0xffff9b224000 (79 bytes)
1755413782.023514 sending message 105 to peer 0xffff9b224000 (23 bytes)
1755413782.023574 sending message 105 to peer 0xffff9b224000 (23 bytes)
1755413782.023633 sending message 105 to peer 0xffff9b224000 (98 bytes)
1755413782.023693 sending message 105 to peer 0xffff9b224000 (93 bytes)
1755413782.023752 sending message 105 to peer 0xffff9b224000 (15 bytes)
1755413782.023812 sending message 105 to peer 0xffff9b224000 (8 bytes)
1755413782.023872 sending message 105 to peer 0xffff9b224000 (77 bytes)
1755413782.023931 sending message 105 to peer 0xffff9b224000 (38 bytes)
1755413782.023990 sending message 105 to peer 0xffff9b224000 (19 bytes)
1755413782.024048 sending message 105 to peer 0xffff9b224000 (19 bytes)
1755413782.024111 sending message 105 to peer 0xffff9b224000 (18 bytes)
1755413782.024170 sending message 105 to peer 0xffff9b224000 (26 bytes)
1755413782.024229 sending message 105 to peer 0xffff9b224000 (35 bytes)
1755413782.024288 sending message 105 to peer 0xffff9b224000 (13 bytes)
1755413782.024347 sending message 105 to peer 0xffff9b224000 (9 bytes)
1755413782.024407 sending message 105 to peer 0xffff9b224000 (14 bytes)
1755413782.024469 sending message 105 to peer 0xffff9b224000 (14 bytes)
1755413782.024538 sending message 105 to peer 0xffff9b224000 (14 bytes)
1755413782.024598 sending message 105 to peer 0xffff9b224000 (23 bytes)
1755413782.024657 sending message 105 to peer 0xffff9b224000 (11 bytes)
1755413782.024717 sending message 105 to peer 0xffff9b224000 (31 bytes)
1755413782.024776 sending message 105 to peer 0xffff9b224000 (139 bytes)
1755413782.024835 sending message 105 to peer 0xffff9b224000 (108 bytes)
1755413782.024894 sending message 105 to peer 0xffff9b224000 (54 bytes)
1755413782.024956 sending message 105 to peer 0xffff9b224000 (19 bytes)
1755413782.025018 sending message 105 to peer 0xffff9b224000 (78 bytes)
1755413782.025079 sending message 105 to peer 0xffff9b224000 (18 bytes)
1755413782.025139 sending message 105 to peer 0xffff9b224000 (30 bytes)
1755413782.025199 sending message 105 to peer 0xffff9b224000 (25 bytes)
1755413782.025259 sending message 105 to peer 0xffff9b224000 (37 bytes)
1755413782.025318 sending message 105 to peer 0xffff9b224000 (16 bytes)
1755413782.025379 sending message 106 to peer 0xffff9b224000 (0 bytes)
1755413782.025490 sending message 200 to peer 0xffff9b224000 (4 bytes)
1755413782.025650 client loop enter
1755413782.045374 peer 0xffff9b224000 message 303
1755413782.045427 open write file 2 -
1755413782.045524 sending message 305 to peer 0xffff9b224000 (8 bytes)
1755413782.045571 write check file 2
1755413782.046005 peer 0xffff9b224000 message 304
1755413782.046057 write 58 to file 2
1755413782.046098 peer 0xffff9b224000 message 203
1755413782.046144 file 2 58 bytes left
1755413782.046198 write check file 2
1755413782.046247 client loop exit
